Obtaining file:///projects/hep/fs9/shared/ldmx/users/eliotmp/mpetren-msceng-ldmx/mldmx
  Installing build dependencies: started
  Installing build dependencies: finished with status 'done'
  Checking if build backend supports build_editable: started
  Checking if build backend supports build_editable: finished with status 'done'
  Getting requirements to build editable: started
  Getting requirements to build editable: finished with status 'done'
  Preparing editable metadata (pyproject.toml): started
  Preparing editable metadata (pyproject.toml): finished with status 'done'
Building wheels for collected packages: mldmx
  Building editable for mldmx (pyproject.toml): started
  Building editable for mldmx (pyproject.toml): finished with status 'done'
  Created wheel for mldmx: filename=mldmx-0.1.0-0.editable-py3-none-any.whl size=1160 sha256=19f05aa3dceb50e3e5d6bf45295fb5bc9bbd5fbfbe3bb54f4c3f0852751f72f5
  Stored in directory: /local/slurmtmp.3235692/pip-ephem-wheel-cache-fc7ii6_q/wheels/5e/47/d9/532e4e0120ee7c9bf7a58eb35af2c009d586d264b1d10d841f
Successfully built mldmx
Installing collected packages: mldmx
  Attempting uninstall: mldmx
    Found existing installation: mldmx 0.1.0
    Uninstalling mldmx-0.1.0:
      Successfully uninstalled mldmx-0.1.0
Successfully installed mldmx-0.1.0
host: cg19
repo: /projects/hep/fs9/shared/ldmx/users/eliotmp/mpetren-msceng-ldmx
model: ECalTpadTransformer
processed cache root: data/processed/production_5M_001_sharded
events per source: 500
Python 3.11.5
Wed Jun  3 22:55:08 2026       
+-----------------------------------------------------------------------------------------+
| NVIDIA-SMI 590.44.01              Driver Version: 590.44.01      CUDA Version: 13.1     |
+-----------------------------------------+------------------------+----------------------+
| GPU  Name                 Persistence-M | Bus-Id          Disp.A | Volatile Uncorr. ECC |
| Fan  Temp   Perf          Pwr:Usage/Cap |           Memory-Usage | GPU-Util  Compute M. |
|                                         |                        |               MIG M. |
|=========================================+========================+======================|
|   0  NVIDIA A100-PCIE-40GB          Off |   00000000:D8:00.0 Off |                    0 |
| N/A   27C    P0             32W /  250W |       0MiB /  40960MiB |      0%      Default |
|                                         |                        |             Disabled |
+-----------------------------------------+------------------------+----------------------+

+-----------------------------------------------------------------------------------------+
| Processes:                                                                              |
|  GPU   GI   CI              PID   Type   Process name                        GPU Memory |
|        ID   ID                                                               Usage      |
|=========================================================================================|
|  No running processes found                                                             |
+-----------------------------------------------------------------------------------------+
python: 3.11.5 (main, Aug 26 2024, 11:58:39) [GCC 13.2.0]
platform: Linux-5.14.0-611.11.1.el9_7.x86_64-x86_64-with-glibc2.34
torch: 2.7.0+cu126
torch cuda version: 12.6
cuda available: True
cuda device count: 1
current cuda device: 0
gpu name: NVIDIA A100-PCIE-40GB
tiny cuda tensor check: 140.0
command: python -u scripts/train_hit_classifier_baseline.py --model ECalTpadTransformer --processed-cache-root data/processed/production_5M_001_sharded --events-per-source 500 --epochs 5 --batch-size 8 --lr 1e-3 --weight-decay 0.0 --hidden-dim 64 --num-layers 2 --num-heads 4 --dim-feedforward 128 --dropout 0.1 --seed 7 --device cuda --output-root outputs/cosmos_baselines --run-name ECalTpadTransformer_500per_source_3235692 --no-progress
2026-06-03 22:56:24 | INFO | CUDA GPU: NVIDIA A100-PCIE-40GB
2026-06-03 22:56:24 | INFO | Output directory: outputs/cosmos_baselines/ECalTpadTransformer_500per_source_3235692
2026-06-03 22:56:24 | INFO | Model: ECalTpadTransformer
2026-06-03 22:56:24 | INFO | Using device: cuda
2026-06-03 22:56:24 | INFO | Target mode: canonical-y; baseline training noise policy: filtered
2026-06-03 22:56:24 | INFO | Multi-source sharded cache mode selected; use --events-per-source for balanced staged runs.
2026-06-03 22:56:24 | INFO | Using sharded source 2e (2e): 500 event(s) from data/processed/production_5M_001_sharded/2e/events
2026-06-03 22:56:24 | INFO | Using sharded source 3e (3e): 500 event(s) from data/processed/production_5M_001_sharded/3e/events
2026-06-03 22:56:24 | INFO | Loaded lazy multi-source sharded dataset with 1000 total event(s): [{'electron_count': 2, 'source_label': '2e', 'cache_dir': 'data/processed/production_5M_001_sharded/2e/events', 'num_events': 500}, {'electron_count': 3, 'source_label': '3e', 'cache_dir': 'data/processed/production_5M_001_sharded/3e/events', 'num_events': 500}]
2026-06-03 22:56:24 | INFO | Split sizes: train=800 val=150 test=50
2026-06-03 22:56:51 | INFO | Fitted lazy canonical-event feature normalization from sharded training events.
2026-06-03 22:56:51 | INFO | Training canonical class counts: {1: 96851, 2: 95619, 3: 47908}
2026-06-03 22:56:52 | INFO | Input feature dimension: 8
2026-06-03 22:56:52 | INFO | Deriving model-specific views on demand; pass --cache-model-views to reuse them.
2026-06-03 22:56:52 | INFO | Trainable parameters: 71875
2026-06-03 22:57:03 | INFO | epoch=001 train_loss=0.86119 train_acc=0.6541 elapsed=11.3s
2026-06-03 22:57:05 | INFO | epoch=001 val_loss=0.87429 val_acc=0.5772
2026-06-03 22:57:12 | INFO | epoch=002 train_loss=0.83734 train_acc=0.6650 elapsed=6.9s
2026-06-03 22:57:13 | INFO | epoch=002 val_loss=0.88282 val_acc=0.5697
2026-06-03 22:57:20 | INFO | epoch=003 train_loss=0.64155 train_acc=0.7127 elapsed=7.0s
2026-06-03 22:57:21 | INFO | epoch=003 val_loss=1.72358 val_acc=0.5708
2026-06-03 22:57:28 | INFO | epoch=004 train_loss=0.80715 train_acc=0.6819 elapsed=6.9s
2026-06-03 22:57:28 | INFO | epoch=004 val_loss=0.86906 val_acc=0.5762
2026-06-03 22:57:35 | INFO | epoch=005 train_loss=0.85580 train_acc=0.6498 elapsed=7.0s
2026-06-03 22:57:36 | INFO | epoch=005 val_loss=0.84354 val_acc=0.5932
2026-06-03 22:57:38 | INFO | Final test: loss=0.86605 hit_acc=0.5692; saved outputs to outputs/cosmos_baselines/ECalTpadTransformer_500per_source_3235692
