hostname: cg20
which python3: /projects/hep/fs9/shared/ldmx/users/eliotmp/mpetren-msceng-ldmx/.venv/bin/python3
Python 3.11.5
CUDA_VISIBLE_DEVICES=0
Thu May 28 15:19:56 2026       
+-----------------------------------------------------------------------------------------+
| NVIDIA-SMI 590.44.01              Driver Version: 590.44.01      CUDA Version: 13.1     |
+-----------------------------------------+------------------------+----------------------+
| GPU  Name                 Persistence-M | Bus-Id          Disp.A | Volatile Uncorr. ECC |
| Fan  Temp   Perf          Pwr:Usage/Cap |           Memory-Usage | GPU-Util  Compute M. |
|                                         |                        |               MIG M. |
|=========================================+========================+======================|
|   0  NVIDIA A100-PCIE-40GB          Off |   00000000:86:00.0 Off |                    0 |
| N/A   25C    P0             29W /  250W |       0MiB /  40960MiB |      0%      Default |
|                                         |                        |             Disabled |
+-----------------------------------------+------------------------+----------------------+
|   1  NVIDIA A100-PCIE-40GB          Off |   00000000:D8:00.0 Off |                    0 |
| N/A   25C    P0             31W /  250W |       0MiB /  40960MiB |      0%      Default |
|                                         |                        |             Disabled |
+-----------------------------------------+------------------------+----------------------+

+-----------------------------------------------------------------------------------------+
| Processes:                                                                              |
|  GPU   GI   CI              PID   Type   Process name                        GPU Memory |
|        ID   ID                                                               Usage      |
|=========================================================================================|
|  No running processes found                                                             |
+-----------------------------------------------------------------------------------------+
python: 3.11.5 (main, Aug 26 2024, 11:58:39) [GCC 13.2.0]
platform: Linux-5.14.0-611.11.1.el9_7.x86_64-x86_64-with-glibc2.34
torch: 2.12.0+cu130
torch cuda version: 13.0
cuda available: True
cuda device count: 1
current cuda device: 0
gpu name: NVIDIA A100-PCIE-40GB
tiny cuda tensor check: 140.0
