Obtaining file:///projects/hep/fs9/shared/ldmx/users/eliotmp/mpetren-msceng-ldmx/mldmx
  Installing build dependencies: started
  Installing build dependencies: finished with status 'done'
  Checking if build backend supports build_editable: started
  Checking if build backend supports build_editable: finished with status 'done'
  Getting requirements to build editable: started
  Getting requirements to build editable: finished with status 'done'
  Preparing editable metadata (pyproject.toml): started
  Preparing editable metadata (pyproject.toml): finished with status 'done'
Building wheels for collected packages: mldmx
  Building editable for mldmx (pyproject.toml): started
  Building editable for mldmx (pyproject.toml): finished with status 'done'
  Created wheel for mldmx: filename=mldmx-0.1.0-0.editable-py3-none-any.whl size=1160 sha256=23882d1c6a4e897947762e9470a87170af4228b3dd2aa0c1e2deac815ad8175d
  Stored in directory: /local/slurmtmp.3235798/pip-ephem-wheel-cache-9hy2cfsm/wheels/5e/47/d9/532e4e0120ee7c9bf7a58eb35af2c009d586d264b1d10d841f
Successfully built mldmx
Installing collected packages: mldmx
  Attempting uninstall: mldmx
    Found existing installation: mldmx 0.1.0
    Uninstalling mldmx-0.1.0:
      Successfully uninstalled mldmx-0.1.0
Successfully installed mldmx-0.1.0
host: cg19
repo: /projects/hep/fs9/shared/ldmx/users/eliotmp/mpetren-msceng-ldmx
model: ECalTpadGravNet
processed cache root: data/processed/production_5M_001_sharded
events per source: 1000
single source: 3e (3 electrons)
Python 3.11.5
Wed Jun  3 23:25:00 2026       
+-----------------------------------------------------------------------------------------+
| NVIDIA-SMI 590.44.01              Driver Version: 590.44.01      CUDA Version: 13.1     |
+-----------------------------------------+------------------------+----------------------+
| GPU  Name                 Persistence-M | Bus-Id          Disp.A | Volatile Uncorr. ECC |
| Fan  Temp   Perf          Pwr:Usage/Cap |           Memory-Usage | GPU-Util  Compute M. |
|                                         |                        |               MIG M. |
|=========================================+========================+======================|
|   0  NVIDIA A100-PCIE-40GB          Off |   00000000:D8:00.0 Off |                    0 |
| N/A   26C    P0             32W /  250W |       0MiB /  40960MiB |      0%      Default |
|                                         |                        |             Disabled |
+-----------------------------------------+------------------------+----------------------+

+-----------------------------------------------------------------------------------------+
| Processes:                                                                              |
|  GPU   GI   CI              PID   Type   Process name                        GPU Memory |
|        ID   ID                                                               Usage      |
|=========================================================================================|
|  No running processes found                                                             |
+-----------------------------------------------------------------------------------------+
python: 3.11.5 (main, Aug 26 2024, 11:58:39) [GCC 13.2.0]
platform: Linux-5.14.0-611.11.1.el9_7.x86_64-x86_64-with-glibc2.34
torch: 2.7.0+cu126
torch cuda version: 12.6
cuda available: True
cuda device count: 1
current cuda device: 0
gpu name: NVIDIA A100-PCIE-40GB
tiny cuda tensor check: 140.0
command: python -u scripts/train_hit_classifier_baseline.py --model ECalTpadGravNet --events-per-source 1000 --epochs 10 --batch-size 16 --lr 3e-4 --weight-decay 1e-4 --hidden-dim 128 --num-layers 4 --num-heads 4 --dim-feedforward 128 --dropout 0.1 --seed 7 --device cuda --output-root outputs/cosmos_baselines --run-name tpad_gravnet_3e_100_h128_l4_lr3e4 --no-progress --processed-source 3 3e data/processed/production_5M_001_sharded/3e/events
2026-06-03 23:25:07 | INFO | CUDA GPU: NVIDIA A100-PCIE-40GB
2026-06-03 23:25:07 | INFO | Output directory: outputs/cosmos_baselines/tpad_gravnet_3e_100_h128_l4_lr3e4
2026-06-03 23:25:07 | INFO | Model: ECalTpadGravNet
2026-06-03 23:25:07 | INFO | Using device: cuda
2026-06-03 23:25:07 | INFO | Target mode: canonical-y; baseline training noise policy: filtered
2026-06-03 23:25:07 | INFO | Multi-source sharded cache mode selected; use --events-per-source for balanced staged runs.
2026-06-03 23:25:07 | INFO | Using sharded source 3e (3e): 1000 event(s) from data/processed/production_5M_001_sharded/3e/events
2026-06-03 23:25:07 | INFO | Loaded lazy multi-source sharded dataset with 1000 total event(s): [{'electron_count': 3, 'source_label': '3e', 'cache_dir': 'data/processed/production_5M_001_sharded/3e/events', 'num_events': 1000}]
2026-06-03 23:25:07 | INFO | Split sizes: train=800 val=150 test=50
2026-06-03 23:25:13 | INFO | Fitted lazy canonical-event feature normalization from sharded training events.
2026-06-03 23:25:13 | INFO | Training canonical class counts: {1: 95387, 2: 91898, 3: 96387}
2026-06-03 23:25:14 | INFO | Input feature dimension: 8
2026-06-03 23:25:14 | INFO | Deriving model-specific views on demand; pass --cache-model-views to reuse them.
2026-06-03 23:25:14 | INFO | Trainable parameters: 118931
2026-06-03 23:25:30 | INFO | epoch=001 train_loss=0.95230 train_acc=0.5463 elapsed=16.0s
2026-06-03 23:25:32 | INFO | epoch=001 val_loss=0.90797 val_acc=0.5706
2026-06-03 23:25:47 | INFO | epoch=002 train_loss=0.89308 train_acc=0.5750 elapsed=15.2s
2026-06-03 23:25:49 | INFO | epoch=002 val_loss=0.87845 val_acc=0.5838
2026-06-03 23:26:05 | INFO | epoch=003 train_loss=0.87324 train_acc=0.5862 elapsed=15.2s
2026-06-03 23:26:07 | INFO | epoch=003 val_loss=0.86422 val_acc=0.5964
2026-06-03 23:26:22 | INFO | epoch=004 train_loss=0.84697 train_acc=0.6048 elapsed=15.3s
2026-06-03 23:26:24 | INFO | epoch=004 val_loss=0.82877 val_acc=0.6203
2026-06-03 23:26:40 | INFO | epoch=005 train_loss=0.81821 train_acc=0.6235 elapsed=15.4s
2026-06-03 23:26:42 | INFO | epoch=005 val_loss=0.81132 val_acc=0.6277
2026-06-03 23:26:58 | INFO | epoch=006 train_loss=0.78838 train_acc=0.6411 elapsed=15.3s
2026-06-03 23:27:00 | INFO | epoch=006 val_loss=0.78255 val_acc=0.6522
2026-06-03 23:27:15 | INFO | epoch=007 train_loss=0.77097 train_acc=0.6496 elapsed=15.2s
2026-06-03 23:27:17 | INFO | epoch=007 val_loss=0.77548 val_acc=0.6478
2026-06-03 23:27:32 | INFO | epoch=008 train_loss=0.75998 train_acc=0.6545 elapsed=15.2s
2026-06-03 23:27:35 | INFO | epoch=008 val_loss=0.78253 val_acc=0.6387
2026-06-03 23:27:50 | INFO | epoch=009 train_loss=0.75259 train_acc=0.6571 elapsed=15.2s
2026-06-03 23:27:52 | INFO | epoch=009 val_loss=0.76033 val_acc=0.6539
2026-06-03 23:28:07 | INFO | epoch=010 train_loss=0.74074 train_acc=0.6623 elapsed=15.1s
2026-06-03 23:28:09 | INFO | epoch=010 val_loss=0.74843 val_acc=0.6578
2026-06-03 23:28:11 | INFO | Final test: loss=0.71314 hit_acc=0.6835; saved outputs to outputs/cosmos_baselines/tpad_gravnet_3e_100_h128_l4_lr3e4
