Obtaining file:///projects/hep/fs9/shared/ldmx/users/eliotmp/mpetren-msceng-ldmx/mldmx
  Installing build dependencies: started
  Installing build dependencies: finished with status 'done'
  Checking if build backend supports build_editable: started
  Checking if build backend supports build_editable: finished with status 'done'
  Getting requirements to build editable: started
  Getting requirements to build editable: finished with status 'done'
  Preparing editable metadata (pyproject.toml): started
  Preparing editable metadata (pyproject.toml): finished with status 'done'
Building wheels for collected packages: mldmx
  Building editable for mldmx (pyproject.toml): started
  Building editable for mldmx (pyproject.toml): finished with status 'done'
  Created wheel for mldmx: filename=mldmx-0.1.0-0.editable-py3-none-any.whl size=1160 sha256=e07e6a365a2b6f6a8f31b5c1baf97e64bf3ef1b3dee236b9fdada19b01ea4e66
  Stored in directory: /local/slurmtmp.3235804/pip-ephem-wheel-cache-ak33cgc1/wheels/5e/47/d9/532e4e0120ee7c9bf7a58eb35af2c009d586d264b1d10d841f
Successfully built mldmx
Installing collected packages: mldmx
  Attempting uninstall: mldmx
    Found existing installation: mldmx 0.1.0
    Uninstalling mldmx-0.1.0:
      Successfully uninstalled mldmx-0.1.0
Successfully installed mldmx-0.1.0
host: cg20
repo: /projects/hep/fs9/shared/ldmx/users/eliotmp/mpetren-msceng-ldmx
model: ECalTpadTransformer
processed cache root: data/processed/production_5M_001_sharded
events per source: 1000000
single source: 3e (3 electrons)
Python 3.11.5
Wed Jun  3 23:34:03 2026       
+-----------------------------------------------------------------------------------------+
| NVIDIA-SMI 590.44.01              Driver Version: 590.44.01      CUDA Version: 13.1     |
+-----------------------------------------+------------------------+----------------------+
| GPU  Name                 Persistence-M | Bus-Id          Disp.A | Volatile Uncorr. ECC |
| Fan  Temp   Perf          Pwr:Usage/Cap |           Memory-Usage | GPU-Util  Compute M. |
|                                         |                        |               MIG M. |
|=========================================+========================+======================|
|   0  NVIDIA A100-PCIE-40GB          Off |   00000000:86:00.0 Off |                    0 |
| N/A   24C    P0             30W /  250W |       4MiB /  40960MiB |      0%      Default |
|                                         |                        |             Disabled |
+-----------------------------------------+------------------------+----------------------+
|   1  NVIDIA A100-PCIE-40GB          Off |   00000000:D8:00.0 Off |                    0 |
| N/A   25C    P0             31W /  250W |       0MiB /  40960MiB |      0%      Default |
|                                         |                        |             Disabled |
+-----------------------------------------+------------------------+----------------------+

+-----------------------------------------------------------------------------------------+
| Processes:                                                                              |
|  GPU   GI   CI              PID   Type   Process name                        GPU Memory |
|        ID   ID                                                               Usage      |
|=========================================================================================|
|  No running processes found                                                             |
+-----------------------------------------------------------------------------------------+
python: 3.11.5 (main, Aug 26 2024, 11:58:39) [GCC 13.2.0]
platform: Linux-5.14.0-611.11.1.el9_7.x86_64-x86_64-with-glibc2.34
torch: 2.7.0+cu126
torch cuda version: 12.6
cuda available: True
cuda device count: 1
current cuda device: 0
gpu name: NVIDIA A100-PCIE-40GB
tiny cuda tensor check: 140.0
command: python -u scripts/train_hit_classifier_baseline.py --model ECalTpadTransformer --events-per-source 1000000 --epochs 20 --batch-size 16 --lr 3e-4 --weight-decay 1e-4 --hidden-dim 128 --num-layers 4 --num-heads 4 --dim-feedforward 512 --dropout 0.1 --seed 7 --device cuda --output-root outputs/cosmos_baselines --run-name tpad_transformer_3e_1M_h128_l4_lr3e4 --no-progress --processed-source 3 3e data/processed/production_5M_001_sharded/3e/events
2026-06-03 23:34:10 | INFO | CUDA GPU: NVIDIA A100-PCIE-40GB
2026-06-03 23:34:10 | INFO | Output directory: outputs/cosmos_baselines/tpad_transformer_3e_1M_h128_l4_lr3e4
2026-06-03 23:34:10 | INFO | Model: ECalTpadTransformer
2026-06-03 23:34:10 | INFO | Using device: cuda
2026-06-03 23:34:10 | INFO | Target mode: canonical-y; baseline training noise policy: filtered
2026-06-03 23:34:10 | INFO | Multi-source sharded cache mode selected; use --events-per-source for balanced staged runs.
2026-06-03 23:34:10 | INFO | Using sharded source 3e (3e): 1000000 event(s) from data/processed/production_5M_001_sharded/3e/events
2026-06-03 23:34:10 | INFO | Loaded lazy multi-source sharded dataset with 1000000 total event(s): [{'electron_count': 3, 'source_label': '3e', 'cache_dir': 'data/processed/production_5M_001_sharded/3e/events', 'num_events': 1000000}]
2026-06-03 23:34:10 | INFO | Split sizes: train=800000 val=150000 test=50000
2026-06-04 00:08:59 | INFO | Fitted lazy canonical-event feature normalization from sharded training events.
2026-06-04 00:35:28 | INFO | Training canonical class counts: {1: 95922070, 2: 91732476, 3: 95972917}
2026-06-04 00:35:34 | INFO | Input feature dimension: 8
2026-06-04 00:35:34 | INFO | Deriving model-specific views on demand; pass --cache-model-views to reuse them.
2026-06-04 00:35:34 | INFO | Trainable parameters: 811139
2026-06-04 04:30:45 | INFO | epoch=001 train_loss=0.62669 train_acc=0.7157 elapsed=9964.7s
2026-06-04 05:03:14 | INFO | epoch=001 val_loss=0.61829 val_acc=0.7196
2026-06-04 07:44:29 | INFO | epoch=002 train_loss=0.61751 train_acc=0.7201 elapsed=9674.0s
2026-06-04 08:16:51 | INFO | epoch=002 val_loss=0.61558 val_acc=0.7209
2026-06-04 10:58:50 | INFO | epoch=003 train_loss=0.61554 train_acc=0.7210 elapsed=9718.0s
2026-06-04 11:31:09 | INFO | epoch=003 val_loss=0.61366 val_acc=0.7224
